"test:\n  - tobedeleted\n  + tobecreated\n\n1 partitions will be deleted\n1 partitions will be created\nOperations applied.\n"
