"test: \n  - tobedeleted\n  + tobecreated\n\n1 partitions will be deleted\n1 partitions will be created\nDo you want to proceed? (y/N) Operation aborted.\n"
